  正在确定要还原的项目…
D:\Github\StateSnyc\Share\Pathfinding.Core\Pathfinding.Core.csproj : warning NU1903: 包 "System.Text.Json" 8.0.0 具有已知的 高 严重性漏洞，https://github.com/advisories/GHSA-8g4q-xg66-9fp4 [D:\Github\StateSnyc\Server\StateSync.Server.Tests\StateSync.Server.Tests.csproj]
D:\Github\StateSnyc\Share\Pathfinding.Core\Pathfinding.Core.csproj : warning NU1903: 包 "System.Text.Json" 8.0.0 具有已知的 高 严重性漏洞，https://github.com/advisories/GHSA-hh2w-p6rv-4g7w [D:\Github\StateSnyc\Server\StateSync.Server.Tests\StateSync.Server.Tests.csproj]
  所有项目均是最新的，无法还原。
D:\Github\StateSnyc\Share\Pathfinding.Core\Pathfinding.Core.csproj : warning NU1903: 包 "System.Text.Json" 8.0.0 具有已知的 高 严重性漏洞，https://github.com/advisories/GHSA-8g4q-xg66-9fp4
D:\Github\StateSnyc\Share\Pathfinding.Core\Pathfinding.Core.csproj : warning NU1903: 包 "System.Text.Json" 8.0.0 具有已知的 高 严重性漏洞，https://github.com/advisories/GHSA-hh2w-p6rv-4g7w
  Pathfinding.Core -> D:\Github\StateSnyc\Share\Pathfinding.Core\bin~\Debug\netstandard2.1\Pathfinding.Core.dll
  StateSync.Server -> D:\Github\StateSnyc\Server\StateSync.Server\bin\Debug\net9.0\StateSync.Server.dll
D:\Github\StateSnyc\Server\StateSync.Server.Tests\Game\MoveControllerTests.cs(28,24): error CS0246: 未能找到类型或命名空间名“MoveController”(是否缺少 using 指令或程序集引用?) [D:\Github\StateSnyc\Server\StateSync.Server.Tests\StateSync.Server.Tests.csproj]
D:\Github\StateSnyc\Server\StateSync.Server.Tests\Game\MoveControllerTests.cs(41,24): error CS0246: 未能找到类型或命名空间名“MoveController”(是否缺少 using 指令或程序集引用?) [D:\Github\StateSnyc\Server\StateSync.Server.Tests\StateSync.Server.Tests.csproj]
D:\Github\StateSnyc\Server\StateSync.Server.Tests\Game\MoveControllerTests.cs(54,24): error CS0246: 未能找到类型或命名空间名“MoveController”(是否缺少 using 指令或程序集引用?) [D:\Github\StateSnyc\Server\StateSync.Server.Tests\StateSync.Server.Tests.csproj]
D:\Github\StateSnyc\Server\StateSync.Server.Tests\Game\MoveControllerTests.cs(67,24): error CS0246: 未能找到类型或命名空间名“MoveController”(是否缺少 using 指令或程序集引用?) [D:\Github\StateSnyc\Server\StateSync.Server.Tests\StateSync.Server.Tests.csproj]
D:\Github\StateSnyc\Server\StateSync.Server.Tests\Game\MoveControllerTests.cs(81,24): error CS0246: 未能找到类型或命名空间名“MoveController”(是否缺少 using 指令或程序集引用?) [D:\Github\StateSnyc\Server\StateSync.Server.Tests\StateSync.Server.Tests.csproj]
